// Jest Snapshot v1, https://goo.gl/fbAQLP

exports[`<App/> should render correctly 1`] = `
<body>
  <div>
    <main
      class="sc-fEOsli bjUOts"
    >
      <div
        class="sc-bjUoiL hSWJwl"
      >
        <header
          class="sc-crXcEl cFwuwv"
        >
          <div
            class="sc-evZas jZsTWM"
          />
          <input
            aria-label="Search"
            class="sc-ksZaOG kMPKML"
            placeholder="Find the perfect RV"
            value=""
          />
        </header>
        <section
          class="sc-kDDrLX fZbxEL"
        >
          <div
            class="sc-jSMfEi beGjEx"
          >
            <div
              class="sc-gKXOVf gnvyZk"
            >
              <div
                class="sc-bczRLJ hATIyy"
                height="8.4375rem"
                width="11.25rem"
              />
              <div
                class="sc-bczRLJ dZTAAT"
                height="var(--fs-lg)"
                width="50%"
              />
            </div>
            <div
              class="sc-gKXOVf gnvyZk"
            >
              <div
                class="sc-bczRLJ hATIyy"
                height="8.4375rem"
                width="11.25rem"
              />
              <div
                class="sc-bczRLJ dZTAAT"
                height="var(--fs-lg)"
                width="50%"
              />
            </div>
            <div
              class="sc-gKXOVf gnvyZk"
            >
              <div
                class="sc-bczRLJ hATIyy"
                height="8.4375rem"
                width="11.25rem"
              />
              <div
                class="sc-bczRLJ dZTAAT"
                height="var(--fs-lg)"
                width="50%"
              />
            </div>
            <div
              class="sc-gKXOVf gnvyZk"
            >
              <div
                class="sc-bczRLJ hATIyy"
                height="8.4375rem"
                width="11.25rem"
              />
              <div
                class="sc-bczRLJ dZTAAT"
                height="var(--fs-lg)"
                width="50%"
              />
            </div>
          </div>
        </section>
      </div>
    </main>
  </div>
</body>
`;
